18-11-2020_15-24-36 [INFO] starting radiation experiment...
18-11-2020_15-24-36 [INFO] resetting board...
18-11-2020_15-24-42 [INFO] finished resetting board...
18-11-2020_15-24-45 [INFO] A: Alive
18-11-2020_15-24-48 [INFO] A: Alive
18-11-2020_15-24-50 [INFO] A: Alive
18-11-2020_15-24-52 [INFO] A: Alive
18-11-2020_15-24-54 [INFO] A: Alive
18-11-2020_15-24-56 [INFO] A: Alive
18-11-2020_15-24-58 [INFO] A: Alive
18-11-2020_15-25-00 [INFO] A: Alive
18-11-2020_15-25-03 [INFO] A: Alive
18-11-2020_15-25-05 [INFO] A: Alive
18-11-2020_15-25-07 [INFO] A: Alive
18-11-2020_15-25-09 [INFO] A: Alive
18-11-2020_15-25-11 [INFO] A: Alive
18-11-2020_15-25-13 [INFO] A: Alive
18-11-2020_15-25-15 [INFO] A: Alive
18-11-2020_15-25-18 [INFO] A: Alive
18-11-2020_15-25-20 [INFO] A: Alive
18-11-2020_15-25-22 [INFO] A: Alive
18-11-2020_15-25-24 [INFO] A: Alive
18-11-2020_15-25-26 [INFO] A: Alive
18-11-2020_15-25-28 [INFO] A: Alive
18-11-2020_15-25-31 [INFO] A: Alive
18-11-2020_15-25-33 [INFO] A: Alive
18-11-2020_15-25-35 [INFO] A: Alive
18-11-2020_15-25-37 [INFO] A: Alive
18-11-2020_15-25-39 [INFO] A: Alive
18-11-2020_15-25-41 [INFO] A: Alive
18-11-2020_15-25-43 [INFO] A: Alive
18-11-2020_15-25-46 [INFO] A: Alive
18-11-2020_15-25-48 [INFO] A: Alive
18-11-2020_15-25-50 [INFO] A: Alive
18-11-2020_15-25-52 [INFO] A: Alive
18-11-2020_15-25-54 [INFO] A: Alive
18-11-2020_15-25-56 [INFO] A: Alive
18-11-2020_15-25-58 [INFO] A: Alive
18-11-2020_15-26-01 [INFO] A: Alive
18-11-2020_15-26-03 [INFO] A: Alive
18-11-2020_15-26-05 [INFO] A: Alive
18-11-2020_15-26-07 [INFO] A: Alive
18-11-2020_15-26-09 [INFO] A: Alive
18-11-2020_15-26-11 [INFO] A: Alive
18-11-2020_15-26-13 [INFO] A: Alive
18-11-2020_15-26-16 [INFO] A: Alive
18-11-2020_15-26-18 [INFO] A: Alive
18-11-2020_15-26-20 [INFO] A: Alive
18-11-2020_15-26-22 [INFO] A: Alive
18-11-2020_15-26-24 [INFO] A: Alive
18-11-2020_15-26-26 [INFO] A: Alive
18-11-2020_15-26-28 [INFO] A: Alive
18-11-2020_15-26-31 [INFO] A: Alive
18-11-2020_15-26-33 [INFO] A: Alive
18-11-2020_15-26-35 [INFO] A: Alive
18-11-2020_15-26-37 [INFO] A: Alive
18-11-2020_15-26-39 [INFO] A: Alive
18-11-2020_15-26-41 [INFO] A: Alive
18-11-2020_15-26-43 [INFO] A: Alive
18-11-2020_15-26-46 [INFO] A: Alive
18-11-2020_15-26-48 [INFO] A: Alive
18-11-2020_15-26-50 [INFO] A: Alive
18-11-2020_15-26-52 [INFO] A: Alive
18-11-2020_15-26-54 [INFO] A: Alive
18-11-2020_15-26-56 [INFO] A: Alive
18-11-2020_15-26-58 [INFO] A: Alive
18-11-2020_15-27-01 [INFO] A: Alive
18-11-2020_15-27-03 [INFO] A: Alive
18-11-2020_15-27-05 [INFO] A: Alive
18-11-2020_15-27-07 [INFO] A: Alive
18-11-2020_15-27-09 [INFO] A: Alive
18-11-2020_15-27-11 [INFO] A: Alive
18-11-2020_15-27-13 [INFO] A: Alive
18-11-2020_15-27-16 [INFO] A: Alive
18-11-2020_15-27-18 [INFO] A: Alive
18-11-2020_15-27-20 [INFO] A: Alive
18-11-2020_15-27-22 [INFO] A: Alive
18-11-2020_15-27-24 [INFO] A: Alive
18-11-2020_15-27-26 [INFO] A: Alive
18-11-2020_15-27-28 [INFO] A: Alive
18-11-2020_15-27-31 [INFO] A: Alive
18-11-2020_15-27-33 [INFO] A: Alive
18-11-2020_15-27-35 [INFO] A: Alive
18-11-2020_15-27-37 [INFO] A: Alive
18-11-2020_15-27-39 [INFO] A: Alive
18-11-2020_15-27-41 [INFO] A: Alive
18-11-2020_15-27-43 [INFO] A: Alive
18-11-2020_15-27-46 [INFO] A: Alive
18-11-2020_15-27-48 [INFO] A: Alive
18-11-2020_15-27-50 [INFO] A: Alive
18-11-2020_15-27-52 [INFO] A: Alive
18-11-2020_15-27-54 [INFO] A: Alive
18-11-2020_15-27-56 [INFO] A: Alive
18-11-2020_15-27-58 [INFO] A: Alive
18-11-2020_15-28-01 [INFO] A: Alive
18-11-2020_15-28-03 [INFO] A: Alive
18-11-2020_15-28-05 [INFO] A: Alive
18-11-2020_15-28-07 [INFO] A: Alive
18-11-2020_15-28-09 [INFO] A: Alive
18-11-2020_15-28-11 [INFO] A: Alive
18-11-2020_15-28-13 [INFO] A: Alive
18-11-2020_15-28-16 [INFO] A: Alive
18-11-2020_15-28-18 [INFO] A: Alive
18-11-2020_15-28-20 [INFO] A: Alive
18-11-2020_15-28-22 [INFO] A: Alive
18-11-2020_15-28-24 [INFO] A: Alive
18-11-2020_15-28-26 [INFO] A: Alive
18-11-2020_15-28-28 [INFO] A: Alive
18-11-2020_15-28-31 [INFO] A: Alive
18-11-2020_15-28-33 [INFO] A: Alive
18-11-2020_15-28-35 [INFO] A: Alive
18-11-2020_15-28-37 [INFO] A: Alive
18-11-2020_15-28-39 [INFO] A: Alive
18-11-2020_15-28-41 [INFO] A: Alive
18-11-2020_15-28-43 [INFO] A: Alive
18-11-2020_15-28-46 [INFO] A: Alive
18-11-2020_15-28-48 [INFO] A: Alive
18-11-2020_15-28-50 [INFO] A: Alive
18-11-2020_15-28-52 [INFO] A: Alive
18-11-2020_15-28-54 [INFO] A: Alive
18-11-2020_15-28-56 [INFO] A: Alive
18-11-2020_15-28-58 [INFO] A: Alive
18-11-2020_15-29-01 [INFO] A: Alive
18-11-2020_15-29-03 [INFO] A: Alive
18-11-2020_15-29-05 [INFO] A: Alive
18-11-2020_15-29-07 [INFO] A: Alive
18-11-2020_15-29-09 [INFO] A: Alive
18-11-2020_15-29-11 [INFO] A: Alive
18-11-2020_15-29-13 [INFO] A: Alive
18-11-2020_15-29-16 [INFO] A: Alive
18-11-2020_15-29-18 [INFO] A: Alive
18-11-2020_15-29-20 [INFO] A: Alive
18-11-2020_15-29-22 [INFO] A: Alive
18-11-2020_15-29-24 [INFO] A: Alive
18-11-2020_15-29-26 [INFO] A: Alive
18-11-2020_15-29-28 [INFO] A: Alive
18-11-2020_15-29-31 [INFO] A: Alive
18-11-2020_15-29-33 [INFO] A: Alive
18-11-2020_15-29-35 [INFO] A: Alive
18-11-2020_15-29-37 [INFO] A: Alive
18-11-2020_15-29-39 [INFO] A: Alive
18-11-2020_15-29-41 [INFO] A: Alive
18-11-2020_15-29-43 [INFO] A: Alive
18-11-2020_15-29-46 [INFO] A: Alive
18-11-2020_15-29-48 [INFO] A: Alive
18-11-2020_15-29-50 [INFO] A: Alive
18-11-2020_15-29-52 [INFO] A: Alive
18-11-2020_15-29-54 [INFO] A: Alive
18-11-2020_15-29-56 [INFO] A: Alive
18-11-2020_15-29-58 [INFO] A: Alive
18-11-2020_15-30-01 [INFO] A: Alive
18-11-2020_15-30-03 [INFO] A: Alive
18-11-2020_15-30-05 [INFO] A: Alive
18-11-2020_15-30-07 [INFO] A: Alive
18-11-2020_15-30-09 [INFO] A: Alive
18-11-2020_15-30-11 [INFO] A: Alive
18-11-2020_15-30-13 [INFO] A: Alive
18-11-2020_15-30-16 [INFO] A: Alive
18-11-2020_15-30-18 [INFO] A: Alive
18-11-2020_15-30-20 [INFO] A: Alive
18-11-2020_15-30-22 [INFO] A: Alive
18-11-2020_15-30-24 [INFO] A: Alive
18-11-2020_15-30-26 [INFO] A: Alive
18-11-2020_15-30-28 [INFO] A: Alive
18-11-2020_15-30-31 [INFO] A: Alive
18-11-2020_15-30-33 [INFO] A: Alive
18-11-2020_15-30-35 [INFO] A: Alive
18-11-2020_15-30-37 [INFO] A: Alive
18-11-2020_15-30-39 [INFO] A: Alive
18-11-2020_15-30-41 [INFO] A: Alive
18-11-2020_15-30-43 [INFO] A: Alive
18-11-2020_15-30-46 [INFO] A: Alive
18-11-2020_15-30-48 [INFO] A: Alive
18-11-2020_15-30-50 [INFO] A: Alive
18-11-2020_15-30-52 [INFO] A: Alive
18-11-2020_15-30-54 [INFO] A: Alive
18-11-2020_15-30-56 [INFO] A: Alive
18-11-2020_15-30-58 [INFO] A: Alive
18-11-2020_15-31-01 [INFO] A: Alive
18-11-2020_15-31-03 [INFO] A: Alive
18-11-2020_15-31-05 [INFO] A: Alive
18-11-2020_15-31-07 [INFO] A: Alive
18-11-2020_15-31-09 [INFO] A: Alive
18-11-2020_15-31-11 [INFO] A: Alive
18-11-2020_15-31-13 [INFO] A: Alive
18-11-2020_15-31-16 [INFO] A: Alive
18-11-2020_15-31-18 [INFO] A: Alive
18-11-2020_15-31-20 [INFO] A: Alive
18-11-2020_15-31-22 [INFO] A: Alive
18-11-2020_15-31-24 [INFO] A: Alive
18-11-2020_15-31-26 [INFO] A: Alive
18-11-2020_15-31-28 [INFO] A: Alive
18-11-2020_15-31-31 [INFO] A: Alive
18-11-2020_15-31-33 [INFO] A: Alive
18-11-2020_15-31-35 [INFO] A: Alive
18-11-2020_15-31-37 [INFO] A: Alive
18-11-2020_15-31-39 [INFO] A: Alive
18-11-2020_15-31-41 [INFO] A: Alive
18-11-2020_15-31-43 [INFO] A: Alive
18-11-2020_15-31-46 [INFO] A: Alive
18-11-2020_15-31-48 [INFO] A: Alive
18-11-2020_15-31-50 [INFO] A: Alive
18-11-2020_15-31-52 [INFO] A: Alive
18-11-2020_15-31-54 [INFO] A: Alive
18-11-2020_15-31-56 [INFO] A: Alive
18-11-2020_15-31-58 [INFO] A: Alive
18-11-2020_15-32-01 [INFO] A: Alive
18-11-2020_15-32-03 [INFO] A: Alive
18-11-2020_15-32-05 [INFO] A: Alive
18-11-2020_15-32-07 [INFO] A: Alive
18-11-2020_15-32-09 [INFO] A: Alive
18-11-2020_15-32-11 [INFO] A: Alive
18-11-2020_15-32-14 [INFO] A: Alive
18-11-2020_15-32-16 [INFO] A: Alive
18-11-2020_15-32-18 [INFO] A: Alive
18-11-2020_15-32-20 [INFO] A: Alive
18-11-2020_15-32-22 [INFO] A: Alive
18-11-2020_15-32-24 [INFO] A: Alive
18-11-2020_15-32-26 [INFO] A: Alive
18-11-2020_15-32-29 [INFO] A: Alive
18-11-2020_15-32-31 [INFO] A: Alive
18-11-2020_15-32-33 [INFO] A: Alive
18-11-2020_15-32-35 [INFO] A: Alive
18-11-2020_15-32-37 [INFO] A: Alive
18-11-2020_15-32-39 [INFO] A: Alive
18-11-2020_15-32-41 [INFO] A: Alive
18-11-2020_15-32-44 [INFO] A: Alive
18-11-2020_15-32-46 [INFO] A: Alive
18-11-2020_15-32-48 [INFO] A: Alive
18-11-2020_15-32-50 [INFO] A: Alive
18-11-2020_15-32-52 [INFO] A: Alive
18-11-2020_15-32-54 [INFO] A: Alive
18-11-2020_15-32-56 [INFO] A: Alive
18-11-2020_15-32-59 [INFO] A: Alive
18-11-2020_15-33-01 [INFO] A: Alive
18-11-2020_15-33-03 [INFO] A: Alive
18-11-2020_15-33-05 [INFO] A: Alive
18-11-2020_15-33-07 [INFO] A: Alive
18-11-2020_15-33-09 [INFO] A: Alive
18-11-2020_15-33-11 [INFO] A: Alive
18-11-2020_15-33-14 [INFO] A: Alive
18-11-2020_15-33-16 [INFO] A: Alive
18-11-2020_15-33-18 [INFO] A: Alive
18-11-2020_15-33-20 [INFO] A: Alive
18-11-2020_15-33-22 [INFO] A: Alive
18-11-2020_15-33-24 [INFO] A: Alive
18-11-2020_15-33-26 [INFO] A: Alive
18-11-2020_15-33-29 [INFO] A: Alive
18-11-2020_15-33-31 [INFO] A: Alive
18-11-2020_15-33-33 [INFO] A: Alive
18-11-2020_15-33-35 [INFO] A: Alive
18-11-2020_15-33-37 [INFO] A: Alive
18-11-2020_15-33-39 [INFO] A: Alive
18-11-2020_15-33-41 [INFO] A: Alive
18-11-2020_15-33-44 [INFO] A: Alive
18-11-2020_15-33-46 [INFO] A: Alive
18-11-2020_15-33-48 [INFO] A: Alive
18-11-2020_15-33-50 [INFO] A: Alive
18-11-2020_15-33-52 [INFO] A: Alive
18-11-2020_15-33-54 [INFO] A: Alive
18-11-2020_15-33-56 [INFO] A: Alive
18-11-2020_15-33-59 [INFO] A: Alive
18-11-2020_15-34-01 [INFO] A: Alive
18-11-2020_15-34-03 [INFO] A: Alive
18-11-2020_15-34-05 [INFO] A: Alive
18-11-2020_15-34-07 [INFO] A: Alive
18-11-2020_15-34-09 [INFO] A: Alive
18-11-2020_15-34-11 [INFO] A: Alive
18-11-2020_15-34-14 [INFO] A: Alive
18-11-2020_15-34-16 [INFO] A: Alive
18-11-2020_15-34-18 [INFO] A: Alive
18-11-2020_15-34-20 [INFO] A: Alive
18-11-2020_15-34-22 [INFO] A: Alive
18-11-2020_15-34-24 [INFO] A: Alive
18-11-2020_15-34-26 [INFO] A: Alive
18-11-2020_15-34-29 [INFO] A: Alive
18-11-2020_15-34-31 [INFO] A: Alive
18-11-2020_15-34-33 [INFO] A: Alive
18-11-2020_15-34-35 [INFO] A: Alive
18-11-2020_15-34-37 [INFO] A: Alive
18-11-2020_15-34-39 [INFO] A: Alive
18-11-2020_15-34-41 [INFO] A: Alive
18-11-2020_15-34-44 [INFO] A: Alive
18-11-2020_15-34-46 [INFO] A: Alive
18-11-2020_15-34-48 [INFO] A: Alive
18-11-2020_15-34-50 [INFO] A: Alive
18-11-2020_15-34-52 [INFO] A: Alive
18-11-2020_15-34-54 [INFO] A: Alive
18-11-2020_15-34-56 [INFO] A: Alive
18-11-2020_15-34-59 [INFO] A: Alive
18-11-2020_15-35-01 [INFO] A: Alive
18-11-2020_15-35-03 [INFO] A: Alive
18-11-2020_15-35-05 [INFO] A: Alive
18-11-2020_15-35-07 [INFO] A: Alive
18-11-2020_15-35-09 [INFO] A: Alive
18-11-2020_15-35-11 [INFO] A: Alive
18-11-2020_15-35-14 [INFO] A: Alive
18-11-2020_15-35-16 [INFO] A: Alive
18-11-2020_15-35-18 [INFO] A: Alive
18-11-2020_15-35-20 [INFO] A: Alive
18-11-2020_15-35-22 [INFO] A: Alive
18-11-2020_15-35-24 [INFO] A: Alive
18-11-2020_15-35-26 [INFO] A: Alive
18-11-2020_15-35-29 [INFO] A: Alive
18-11-2020_15-35-31 [INFO] A: Alive
18-11-2020_15-35-33 [INFO] A: Alive
18-11-2020_15-35-35 [INFO] A: Alive
18-11-2020_15-35-37 [INFO] A: Alive
18-11-2020_15-35-39 [INFO] A: Alive
18-11-2020_15-35-41 [INFO] A: Alive
18-11-2020_15-35-44 [INFO] A: Alive
18-11-2020_15-35-46 [INFO] A: Alive
18-11-2020_15-35-48 [INFO] A: Alive
18-11-2020_15-35-50 [INFO] A: Alive
18-11-2020_15-35-52 [INFO] A: Alive
18-11-2020_15-35-54 [INFO] A: Alive
18-11-2020_15-35-56 [INFO] A: Alive
18-11-2020_15-35-59 [INFO] A: Alive
18-11-2020_15-36-01 [INFO] A: Alive
18-11-2020_15-36-03 [INFO] A: Alive
18-11-2020_15-36-05 [INFO] A: Alive
18-11-2020_15-36-07 [INFO] A: Alive
18-11-2020_15-36-09 [INFO] A: Alive
18-11-2020_15-36-11 [INFO] A: Alive
18-11-2020_15-36-14 [INFO] A: Alive
18-11-2020_15-36-16 [INFO] A: Alive
18-11-2020_15-36-18 [INFO] A: Alive
18-11-2020_15-36-20 [INFO] A: Alive
18-11-2020_15-36-22 [INFO] A: Alive
18-11-2020_15-36-24 [INFO] A: Alive
18-11-2020_15-36-25 [INFO] S: SDC
18-11-2020_15-36-25 [INFO] resetting board...
18-11-2020_15-36-31 [INFO] finished resetting board...
18-11-2020_15-36-51 [INFO] T: Timeout
18-11-2020_15-36-51 [INFO] resetting board...
18-11-2020_15-36-57 [INFO] finished resetting board...
18-11-2020_15-37-01 [INFO] A: Alive
18-11-2020_15-37-03 [INFO] A: Alive
18-11-2020_15-37-05 [INFO] A: Alive
18-11-2020_15-37-07 [INFO] A: Alive
18-11-2020_15-37-09 [INFO] A: Alive
18-11-2020_15-37-11 [INFO] A: Alive
18-11-2020_15-37-13 [INFO] A: Alive
18-11-2020_15-37-16 [INFO] A: Alive
18-11-2020_15-37-18 [INFO] A: Alive
18-11-2020_15-37-20 [INFO] A: Alive
18-11-2020_15-37-22 [INFO] A: Alive
18-11-2020_15-37-24 [INFO] A: Alive
18-11-2020_15-37-26 [INFO] A: Alive
18-11-2020_15-37-28 [INFO] A: Alive
18-11-2020_15-37-31 [INFO] A: Alive
18-11-2020_15-37-33 [INFO] A: Alive
18-11-2020_15-37-35 [INFO] A: Alive
18-11-2020_15-37-36 [INFO] S: SDC
18-11-2020_15-37-36 [INFO] resetting board...
18-11-2020_15-37-42 [INFO] finished resetting board...
18-11-2020_15-37-47 [INFO] A: Alive
18-11-2020_15-37-49 [INFO] A: Alive
18-11-2020_15-37-51 [INFO] A: Alive
18-11-2020_15-37-53 [INFO] A: Alive
18-11-2020_15-37-55 [INFO] A: Alive
18-11-2020_15-37-57 [INFO] A: Alive
18-11-2020_15-37-59 [INFO] A: Alive
18-11-2020_15-38-02 [INFO] A: Alive
18-11-2020_15-38-04 [INFO] A: Alive
18-11-2020_15-38-06 [INFO] A: Alive
18-11-2020_15-38-08 [INFO] A: Alive
18-11-2020_15-38-10 [INFO] A: Alive
18-11-2020_15-38-12 [INFO] A: Alive
18-11-2020_15-38-14 [INFO] A: Alive
18-11-2020_15-38-17 [INFO] A: Alive
18-11-2020_15-38-18 [INFO] S: SDC
18-11-2020_15-38-18 [INFO] resetting board...
18-11-2020_15-38-24 [INFO] finished resetting board...
18-11-2020_15-38-28 [INFO] A: Alive
18-11-2020_15-38-30 [INFO] A: Alive
18-11-2020_15-38-32 [INFO] A: Alive
18-11-2020_15-38-34 [INFO] A: Alive
18-11-2020_15-38-36 [INFO] A: Alive
18-11-2020_15-38-38 [INFO] A: Alive
18-11-2020_15-38-40 [INFO] C: Crash
18-11-2020_15-38-40 [INFO] resetting board...
18-11-2020_15-38-46 [INFO] finished resetting board...
18-11-2020_15-38-51 [INFO] A: Alive
18-11-2020_15-38-53 [INFO] A: Alive
18-11-2020_15-38-55 [INFO] A: Alive
18-11-2020_15-38-57 [INFO] A: Alive
18-11-2020_15-38-59 [INFO] A: Alive
18-11-2020_15-39-01 [INFO] A: Alive
18-11-2020_15-39-02 [INFO] S: SDC
18-11-2020_15-39-02 [INFO] resetting board...
18-11-2020_15-39-08 [INFO] finished resetting board...
18-11-2020_15-39-12 [INFO] A: Alive
18-11-2020_15-39-14 [INFO] A: Alive
18-11-2020_15-39-16 [INFO] A: Alive
18-11-2020_15-39-18 [INFO] A: Alive
18-11-2020_15-39-20 [INFO] A: Alive
18-11-2020_15-39-22 [INFO] A: Alive
18-11-2020_15-39-24 [INFO] A: Alive
18-11-2020_15-39-27 [INFO] A: Alive
18-11-2020_15-39-28 [INFO] S: SDC
18-11-2020_15-39-28 [INFO] resetting board...
18-11-2020_15-39-34 [INFO] finished resetting board...
18-11-2020_15-39-38 [INFO] A: Alive
18-11-2020_15-39-40 [INFO] A: Alive
18-11-2020_15-39-42 [INFO] A: Alive
18-11-2020_15-39-44 [INFO] A: Alive
18-11-2020_15-39-46 [INFO] A: Alive
18-11-2020_15-39-48 [INFO] A: Alive
18-11-2020_15-39-50 [INFO] A: Alive
18-11-2020_15-39-53 [INFO] A: Alive
18-11-2020_15-40-13 [INFO] T: Timeout
18-11-2020_15-40-13 [INFO] resetting board...
18-11-2020_15-40-19 [INFO] finished resetting board...
18-11-2020_15-40-39 [INFO] T: Timeout
18-11-2020_15-40-39 [INFO] resetting board...
18-11-2020_15-40-45 [INFO] finished resetting board...
18-11-2020_15-40-49 [INFO] A: Alive
18-11-2020_15-40-51 [INFO] A: Alive
18-11-2020_15-40-53 [INFO] A: Alive
18-11-2020_15-40-55 [INFO] A: Alive
18-11-2020_15-40-57 [INFO] A: Alive
18-11-2020_15-40-59 [INFO] A: Alive
18-11-2020_15-41-01 [INFO] A: Alive
18-11-2020_15-41-04 [INFO] A: Alive
18-11-2020_15-41-06 [INFO] A: Alive
18-11-2020_15-41-08 [INFO] A: Alive
18-11-2020_15-41-10 [INFO] A: Alive
18-11-2020_15-41-12 [INFO] A: Alive
18-11-2020_15-41-14 [INFO] A: Alive
18-11-2020_15-41-16 [INFO] A: Alive
18-11-2020_15-41-19 [INFO] A: Alive
18-11-2020_15-41-19 [INFO] S: SDC
18-11-2020_15-41-19 [INFO] resetting board...
18-11-2020_15-41-25 [INFO] finished resetting board...
18-11-2020_15-41-30 [INFO] A: Alive
18-11-2020_15-41-32 [INFO] A: Alive
18-11-2020_15-41-34 [INFO] A: Alive
18-11-2020_15-41-35 [INFO] S: SDC
18-11-2020_15-41-35 [INFO] resetting board...
18-11-2020_15-41-41 [INFO] finished resetting board...
18-11-2020_15-41-45 [INFO] A: Alive
18-11-2020_15-41-47 [INFO] A: Alive
18-11-2020_15-41-49 [INFO] A: Alive
18-11-2020_15-41-51 [INFO] A: Alive
18-11-2020_15-41-53 [INFO] A: Alive
18-11-2020_15-41-55 [INFO] A: Alive
18-11-2020_15-41-57 [INFO] A: Alive
18-11-2020_15-42-00 [INFO] A: Alive
18-11-2020_15-42-02 [INFO] A: Alive
18-11-2020_15-42-04 [INFO] A: Alive
18-11-2020_15-42-06 [INFO] A: Alive
18-11-2020_15-42-08 [INFO] A: Alive
18-11-2020_15-42-10 [INFO] A: Alive
18-11-2020_15-42-12 [INFO] A: Alive
18-11-2020_15-42-15 [INFO] A: Alive
18-11-2020_15-42-15 [INFO] S: SDC
18-11-2020_15-42-15 [INFO] resetting board...
18-11-2020_15-42-21 [INFO] finished resetting board...
18-11-2020_15-42-26 [INFO] A: Alive
18-11-2020_15-42-28 [INFO] A: Alive
18-11-2020_15-42-30 [INFO] A: Alive
18-11-2020_15-42-31 [INFO] C: Crash
18-11-2020_15-42-31 [INFO] resetting board...
18-11-2020_15-42-37 [INFO] finished resetting board...
18-11-2020_15-42-41 [INFO] A: Alive
18-11-2020_15-42-43 [INFO] A: Alive
18-11-2020_15-42-45 [INFO] A: Alive
18-11-2020_15-42-47 [INFO] A: Alive
18-11-2020_15-42-49 [INFO] A: Alive
18-11-2020_15-42-51 [INFO] A: Alive
18-11-2020_15-42-53 [INFO] A: Alive
18-11-2020_15-42-56 [INFO] A: Alive
18-11-2020_15-42-58 [INFO] A: Alive
18-11-2020_15-43-00 [INFO] A: Alive
18-11-2020_15-43-02 [INFO] A: Alive
18-11-2020_15-43-04 [INFO] A: Alive
18-11-2020_15-43-06 [INFO] A: Alive
18-11-2020_15-43-08 [INFO] A: Alive
18-11-2020_15-43-11 [INFO] A: Alive
18-11-2020_15-43-13 [INFO] A: Alive
18-11-2020_15-43-15 [INFO] A: Alive
18-11-2020_15-43-17 [INFO] A: Alive
18-11-2020_15-43-19 [INFO] A: Alive
18-11-2020_15-43-21 [INFO] S: SDC
18-11-2020_15-43-21 [INFO] resetting board...
18-11-2020_15-43-27 [INFO] finished resetting board...
18-11-2020_15-43-31 [INFO] A: Alive
18-11-2020_15-43-33 [INFO] A: Alive
18-11-2020_15-43-35 [INFO] A: Alive
18-11-2020_15-43-37 [INFO] A: Alive
18-11-2020_15-43-39 [INFO] A: Alive
18-11-2020_15-43-41 [INFO] A: Alive
18-11-2020_15-43-42 [INFO] S: SDC
18-11-2020_15-43-42 [INFO] resetting board...
18-11-2020_15-43-48 [INFO] finished resetting board...
18-11-2020_15-43-51 [INFO] S: SDC
18-11-2020_15-43-51 [INFO] resetting board...
18-11-2020_15-43-57 [INFO] finished resetting board...
18-11-2020_15-44-02 [INFO] A: Alive
18-11-2020_15-44-04 [INFO] A: Alive
